// Vitest Snapshot v1, https://vitest.dev/guide/snapshot.html

exports[`Auth Layout > should match snapshot 1`] = `
<body>
  <div>
    <div
      class="_homeButtonWrapper_df52fe"
    >
      <button
        class="ant-btn css-dev-only-do-not-override-1vtf12y ant-btn-link"
        type="button"
      >
        <svg
          fill="#1677be"
          height="30"
          viewBox="0 0 24 24"
          width="30"
          xmlns="http://www.w3.org/2000/svg"
        >
          <path
            d="M21.66,10.25l-9-8a1,1,0,0,0-1.32,0l-9,8a1,1,0,0,0-.27,1.11A1,1,0,0,0,3,12H4v9a1,1,0,0,0,1,1H19a1,1,0,0,0,1-1V12h1a1,1,0,0,0,.93-.64A1,1,0,0,0,21.66,10.25ZM13,20H11V17a1,1,0,0,1,2,0Zm5,0H15V17a3,3,0,0,0-6,0v3H6V12H18ZM5.63,10,12,4.34,18.37,10Z"
          />
        </svg>
      </button>
    </div>
    <div
      class="_auth_df52fe"
    >
      <div
        class="_formWrapper_df52fe"
      />
    </div>
  </div>
</body>
`;
